	github.com/structurelint/structurelint/cmd/structurelint		coverage: 0.0% of statements
=== RUN   TestLoad
--- PASS: TestLoad (0.00s)
=== RUN   TestLoadNonExistentFile
--- PASS: TestLoadNonExistentFile (0.00s)
=== RUN   TestMerge
--- PASS: TestMerge (0.00s)
=== RUN   TestMergeWithLayers
--- PASS: TestMergeWithLayers (0.00s)
=== RUN   TestMergeWithEntrypoints
--- PASS: TestMergeWithEntrypoints (0.00s)
=== RUN   TestMergeWithOverrides
--- PASS: TestMergeWithOverrides (0.00s)
=== RUN   TestFindConfigs
--- PASS: TestFindConfigs (0.00s)
=== RUN   TestMergeWithExclude
--- PASS: TestMergeWithExclude (0.00s)
=== RUN   TestLoadWithExclude
--- PASS: TestLoadWithExclude (0.00s)
=== RUN   TestLoadInvalidYAML
--- PASS: TestLoadInvalidYAML (0.00s)
=== RUN   TestFindConfigsWithYamlExtension
--- PASS: TestFindConfigsWithYamlExtension (0.00s)
=== RUN   TestMergeWithNilConfig
--- PASS: TestMergeWithNilConfig (0.00s)
=== RUN   TestFindConfigsNoConfigFound
--- PASS: TestFindConfigsNoConfigFound (0.00s)
PASS
coverage: 51.3% of statements
ok  	github.com/structurelint/structurelint/internal/config	1.019s	coverage: 51.3% of statements
=== RUN   TestNewBuilder
--- PASS: TestNewBuilder (0.00s)
=== RUN   TestBuild_EmptyFileList
--- PASS: TestBuild_EmptyFileList (0.00s)
=== RUN   TestBuild_WithLayers
--- PASS: TestBuild_WithLayers (0.00s)
=== RUN   TestMatchesLayerPath_SimplePrefix
--- PASS: TestMatchesLayerPath_SimplePrefix (0.00s)
=== RUN   TestMatchesLayerPath_Glob
--- PASS: TestMatchesLayerPath_Glob (0.00s)
=== RUN   TestMatchesLayerPath_GlobWithSuffix
--- PASS: TestMatchesLayerPath_GlobWithSuffix (0.00s)
=== RUN   TestFindLayerForFile
--- PASS: TestFindLayerForFile (0.00s)
=== RUN   TestCanLayerDependOn_AllowedDependency
--- PASS: TestCanLayerDependOn_AllowedDependency (0.00s)
=== RUN   TestCanLayerDependOn_ForbiddenDependency
--- PASS: TestCanLayerDependOn_ForbiddenDependency (0.00s)
=== RUN   TestCanLayerDependOn_SameLayer
--- PASS: TestCanLayerDependOn_SameLayer (0.00s)
=== RUN   TestCanLayerDependOn_Wildcard
--- PASS: TestCanLayerDependOn_Wildcard (0.00s)
=== RUN   TestCanLayerDependOn_NilLayers
--- PASS: TestCanLayerDependOn_NilLayers (0.00s)
=== RUN   TestGetLayerForFile
--- PASS: TestGetLayerForFile (0.00s)
=== RUN   TestGetDependencies
--- PASS: TestGetDependencies (0.00s)
=== RUN   TestFindLayerByName
--- PASS: TestFindLayerByName (0.00s)
=== RUN   TestBuild_IncomingReferences
--- PASS: TestBuild_IncomingReferences (0.00s)
PASS
coverage: 92.4% of statements
ok  	github.com/structurelint/structurelint/internal/graph	1.019s	coverage: 92.4% of statements
=== RUN   Test_extensionToLanguage
=== RUN   Test_extensionToLanguage/.go
=== RUN   Test_extensionToLanguage/.py
=== RUN   Test_extensionToLanguage/.ts
=== RUN   Test_extensionToLanguage/.tsx
=== RUN   Test_extensionToLanguage/.js
=== RUN   Test_extensionToLanguage/.jsx
=== RUN   Test_extensionToLanguage/.java
=== RUN   Test_extensionToLanguage/.rs
=== RUN   Test_extensionToLanguage/.rb
=== RUN   Test_extensionToLanguage/.cpp
=== RUN   Test_extensionToLanguage/.unknown
--- PASS: Test_extensionToLanguage (0.00s)
    --- PASS: Test_extensionToLanguage/.go (0.00s)
    --- PASS: Test_extensionToLanguage/.py (0.00s)
    --- PASS: Test_extensionToLanguage/.ts (0.00s)
    --- PASS: Test_extensionToLanguage/.tsx (0.00s)
    --- PASS: Test_extensionToLanguage/.js (0.00s)
    --- PASS: Test_extensionToLanguage/.jsx (0.00s)
    --- PASS: Test_extensionToLanguage/.java (0.00s)
    --- PASS: Test_extensionToLanguage/.rs (0.00s)
    --- PASS: Test_extensionToLanguage/.rb (0.00s)
    --- PASS: Test_extensionToLanguage/.cpp (0.00s)
    --- PASS: Test_extensionToLanguage/.unknown (0.00s)
=== RUN   Test_isTestFile
=== RUN   Test_isTestFile/main_test.go
=== RUN   Test_isTestFile/main.go
=== RUN   Test_isTestFile/test_module.py
=== RUN   Test_isTestFile/module.py
=== RUN   Test_isTestFile/component.test.ts
=== RUN   Test_isTestFile/component.ts
=== RUN   Test_isTestFile/FileTest.java
=== RUN   Test_isTestFile/File.java
--- PASS: Test_isTestFile (0.00s)
    --- PASS: Test_isTestFile/main_test.go (0.00s)
    --- PASS: Test_isTestFile/main.go (0.00s)
    --- PASS: Test_isTestFile/test_module.py (0.00s)
    --- PASS: Test_isTestFile/module.py (0.00s)
    --- PASS: Test_isTestFile/component.test.ts (0.00s)
    --- PASS: Test_isTestFile/component.ts (0.00s)
    --- PASS: Test_isTestFile/FileTest.java (0.00s)
    --- PASS: Test_isTestFile/File.java (0.00s)
=== RUN   Test_getTestFilePatterns
=== RUN   Test_getTestFilePatterns/go
=== RUN   Test_getTestFilePatterns/python
=== RUN   Test_getTestFilePatterns/typescript
=== RUN   Test_getTestFilePatterns/javascript
=== RUN   Test_getTestFilePatterns/java
--- PASS: Test_getTestFilePatterns (0.00s)
    --- PASS: Test_getTestFilePatterns/go (0.00s)
    --- PASS: Test_getTestFilePatterns/python (0.00s)
    --- PASS: Test_getTestFilePatterns/typescript (0.00s)
    --- PASS: Test_getTestFilePatterns/javascript (0.00s)
    --- PASS: Test_getTestFilePatterns/java (0.00s)
=== RUN   Test_getSourcePatterns
=== RUN   Test_getSourcePatterns/go
=== RUN   Test_getSourcePatterns/python
=== RUN   Test_getSourcePatterns/typescript
=== RUN   Test_getSourcePatterns/javascript
--- PASS: Test_getSourcePatterns (0.00s)
    --- PASS: Test_getSourcePatterns/go (0.00s)
    --- PASS: Test_getSourcePatterns/python (0.00s)
    --- PASS: Test_getSourcePatterns/typescript (0.00s)
    --- PASS: Test_getSourcePatterns/javascript (0.00s)
=== RUN   Test_calculateMaxDepth
=== RUN   Test_calculateMaxDepth/shallow_project
=== RUN   Test_calculateMaxDepth/deep_project
=== RUN   Test_calculateMaxDepth/very_shallow
--- PASS: Test_calculateMaxDepth (0.00s)
    --- PASS: Test_calculateMaxDepth/shallow_project (0.00s)
    --- PASS: Test_calculateMaxDepth/deep_project (0.00s)
    --- PASS: Test_calculateMaxDepth/very_shallow (0.00s)
=== RUN   Test_calculateMaxFilesInDir
=== RUN   Test_calculateMaxFilesInDir/moderate_file_counts
=== RUN   Test_calculateMaxFilesInDir/very_few_files
=== RUN   Test_calculateMaxFilesInDir/many_files
--- PASS: Test_calculateMaxFilesInDir (0.00s)
    --- PASS: Test_calculateMaxFilesInDir/moderate_file_counts (0.00s)
    --- PASS: Test_calculateMaxFilesInDir/very_few_files (0.00s)
    --- PASS: Test_calculateMaxFilesInDir/many_files (0.00s)
=== RUN   Test_detectDocumentationStyle
=== RUN   Test_detectDocumentationStyle/comprehensive_documentation
=== RUN   Test_detectDocumentationStyle/minimal_documentation
=== RUN   Test_detectDocumentationStyle/no_documentation
--- PASS: Test_detectDocumentationStyle (0.00s)
    --- PASS: Test_detectDocumentationStyle/comprehensive_documentation (0.00s)
    --- PASS: Test_detectDocumentationStyle/minimal_documentation (0.00s)
    --- PASS: Test_detectDocumentationStyle/no_documentation (0.00s)
=== RUN   TestGenerateConfig
=== RUN   TestGenerateConfig/Go_project_with_adjacent_tests
=== RUN   TestGenerateConfig/Python_project_with_separate_tests
=== RUN   TestGenerateConfig/TypeScript_project
--- PASS: TestGenerateConfig (0.00s)
    --- PASS: TestGenerateConfig/Go_project_with_adjacent_tests (0.00s)
    --- PASS: TestGenerateConfig/Python_project_with_separate_tests (0.00s)
    --- PASS: TestGenerateConfig/TypeScript_project (0.00s)
=== RUN   TestGenerateSummary
--- PASS: TestGenerateSummary (0.00s)
=== RUN   Test_generateExemptions
=== RUN   Test_generateExemptions/go
=== RUN   Test_generateExemptions/python
=== RUN   Test_generateExemptions/typescript
=== RUN   Test_generateExemptions/java
--- PASS: Test_generateExemptions (0.00s)
    --- PASS: Test_generateExemptions/go (0.00s)
    --- PASS: Test_generateExemptions/python (0.00s)
    --- PASS: Test_generateExemptions/typescript (0.00s)
    --- PASS: Test_generateExemptions/java (0.00s)
PASS
coverage: 65.0% of statements
ok  	github.com/structurelint/structurelint/internal/init	1.017s	coverage: 65.0% of statements
=== RUN   TestNew
--- PASS: TestNew (0.00s)
=== RUN   TestGetRuleConfig_Exists
--- PASS: TestGetRuleConfig_Exists (0.00s)
=== RUN   TestGetRuleConfig_NotExists
--- PASS: TestGetRuleConfig_NotExists (0.00s)
=== RUN   TestGetRuleConfig_NilConfig
--- PASS: TestGetRuleConfig_NilConfig (0.00s)
=== RUN   TestGetRuleConfig_NilRules
--- PASS: TestGetRuleConfig_NilRules (0.00s)
=== RUN   TestGetRuleConfig_DisabledByZero
--- PASS: TestGetRuleConfig_DisabledByZero (0.00s)
=== RUN   TestGetRuleConfig_DisabledByFalse
--- PASS: TestGetRuleConfig_DisabledByFalse (0.00s)
=== RUN   TestGetRuleConfig_EnabledByTrue
--- PASS: TestGetRuleConfig_EnabledByTrue (0.00s)
=== RUN   TestIsRuleEnabled_Enabled
--- PASS: TestIsRuleEnabled_Enabled (0.00s)
=== RUN   TestIsRuleEnabled_Disabled
--- PASS: TestIsRuleEnabled_Disabled (0.00s)
=== RUN   TestIsRuleEnabled_NotExists
--- PASS: TestIsRuleEnabled_NotExists (0.00s)
=== RUN   TestLint_BasicRules
--- PASS: TestLint_BasicRules (0.00s)
=== RUN   TestLint_NoConfig
--- PASS: TestLint_NoConfig (0.00s)
=== RUN   TestLint_WithLayers
--- PASS: TestLint_WithLayers (0.00s)
=== RUN   TestCreateRules_MaxDepth
--- PASS: TestCreateRules_MaxDepth (0.00s)
=== RUN   TestCreateRules_NoRules
--- PASS: TestCreateRules_NoRules (0.00s)
=== RUN   TestCreateRules_MultipleRules
--- PASS: TestCreateRules_MultipleRules (0.00s)
PASS
coverage: 44.4% of statements
ok  	github.com/structurelint/structurelint/internal/linter	1.017s	coverage: 44.4% of statements
=== RUN   TestCognitiveComplexity_Simple
--- PASS: TestCognitiveComplexity_Simple (0.00s)
=== RUN   TestCognitiveComplexity_SingleIf
--- PASS: TestCognitiveComplexity_SingleIf (0.00s)
=== RUN   TestCognitiveComplexity_NestedIf
--- PASS: TestCognitiveComplexity_NestedIf (0.00s)
=== RUN   TestCognitiveComplexity_ForLoop
--- PASS: TestCognitiveComplexity_ForLoop (0.00s)
=== RUN   TestCognitiveComplexity_NestedLoopAndIf
--- PASS: TestCognitiveComplexity_NestedLoopAndIf (0.00s)
=== RUN   TestCognitiveComplexity_Switch
--- PASS: TestCognitiveComplexity_Switch (0.00s)
=== RUN   TestCognitiveComplexity_ElseIf
--- PASS: TestCognitiveComplexity_ElseIf (0.00s)
=== RUN   TestCognitiveComplexity_DeeplyNested
--- PASS: TestCognitiveComplexity_DeeplyNested (0.00s)
=== RUN   TestCognitiveComplexity_BranchStatements
--- PASS: TestCognitiveComplexity_BranchStatements (0.00s)
=== RUN   TestCognitiveComplexityAnalyzer_AnalyzeFile
--- PASS: TestCognitiveComplexityAnalyzer_AnalyzeFile (0.00s)
=== RUN   TestHalstead_Simple
--- PASS: TestHalstead_Simple (0.00s)
=== RUN   TestHalstead_IfStatement
--- PASS: TestHalstead_IfStatement (0.00s)
=== RUN   TestHalstead_Loop
--- PASS: TestHalstead_Loop (0.00s)
=== RUN   TestHalstead_ComplexFunction
--- PASS: TestHalstead_ComplexFunction (0.00s)
=== RUN   TestHalstead_BinaryOperators
--- PASS: TestHalstead_BinaryOperators (0.00s)
=== RUN   TestHalsteadAnalyzer_AnalyzeFile
--- PASS: TestHalsteadAnalyzer_AnalyzeFile (0.00s)
PASS
coverage: 64.3% of statements
ok  	github.com/structurelint/structurelint/internal/metrics	1.018s	coverage: 64.3% of statements
	github.com/structurelint/structurelint/internal/output		coverage: 0.0% of statements
=== RUN   TestParser_parseGoExports
=== RUN   TestParser_parseGoExports/exported_function
=== RUN   TestParser_parseGoExports/exported_type
=== RUN   TestParser_parseGoExports/exported_const_and_var
=== RUN   TestParser_parseGoExports/mixed_exports
=== RUN   TestParser_parseGoExports/no_exports
--- PASS: TestParser_parseGoExports (0.00s)
    --- PASS: TestParser_parseGoExports/exported_function (0.00s)
    --- PASS: TestParser_parseGoExports/exported_type (0.00s)
    --- PASS: TestParser_parseGoExports/exported_const_and_var (0.00s)
    --- PASS: TestParser_parseGoExports/mixed_exports (0.00s)
    --- PASS: TestParser_parseGoExports/no_exports (0.00s)
=== RUN   TestParser_parseTypeScriptJavaScriptExports
=== RUN   TestParser_parseTypeScriptJavaScriptExports/named_exports
=== RUN   TestParser_parseTypeScriptJavaScriptExports/default_export
=== RUN   TestParser_parseTypeScriptJavaScriptExports/export_list
=== RUN   TestParser_parseTypeScriptJavaScriptExports/mixed_exports
=== RUN   TestParser_parseTypeScriptJavaScriptExports/no_exports
--- PASS: TestParser_parseTypeScriptJavaScriptExports (0.01s)
    --- PASS: TestParser_parseTypeScriptJavaScriptExports/named_exports (0.00s)
    --- PASS: TestParser_parseTypeScriptJavaScriptExports/default_export (0.00s)
    --- PASS: TestParser_parseTypeScriptJavaScriptExports/export_list (0.00s)
    --- PASS: TestParser_parseTypeScriptJavaScriptExports/mixed_exports (0.00s)
    --- PASS: TestParser_parseTypeScriptJavaScriptExports/no_exports (0.00s)
=== RUN   TestParser_parsePythonExports
=== RUN   TestParser_parsePythonExports/with___all__
=== RUN   TestParser_parsePythonExports/without___all___-_public_functions
=== RUN   TestParser_parsePythonExports/only_private_functions
--- PASS: TestParser_parsePythonExports (0.00s)
    --- PASS: TestParser_parsePythonExports/with___all__ (0.00s)
    --- PASS: TestParser_parsePythonExports/without___all___-_public_functions (0.00s)
    --- PASS: TestParser_parsePythonExports/only_private_functions (0.00s)
=== RUN   TestParseTypeScriptImports
--- PASS: TestParseTypeScriptImports (0.00s)
=== RUN   TestParseGoImports
--- PASS: TestParseGoImports (0.00s)
=== RUN   TestParsePythonImports
--- PASS: TestParsePythonImports (0.00s)
=== RUN   TestParseTypeScriptExports
--- PASS: TestParseTypeScriptExports (0.00s)
=== RUN   TestParseGoExports
--- PASS: TestParseGoExports (0.00s)
=== RUN   TestParsePythonExports
--- PASS: TestParsePythonExports (0.00s)
=== RUN   TestResolveImportPath
--- PASS: TestResolveImportPath (0.00s)
PASS
coverage: 65.3% of statements
ok  	github.com/structurelint/structurelint/internal/parser	1.033s	coverage: 65.3% of statements
=== RUN   TestTestAdjacencyRule_Check_Adjacent
=== RUN   TestTestAdjacencyRule_Check_Adjacent/Go_file_with_test_-_no_violation
=== RUN   TestTestAdjacencyRule_Check_Adjacent/Go_file_without_test_-_violation
=== RUN   TestTestAdjacencyRule_Check_Adjacent/TypeScript_file_with_test_-_no_violation
=== RUN   TestTestAdjacencyRule_Check_Adjacent/exempted_file_-_no_violation
=== RUN   TestTestAdjacencyRule_Check_Adjacent/test_file_itself_-_no_violation
=== RUN   TestTestAdjacencyRule_Check_Adjacent/multiple_files_in_same_dir_-_some_missing_tests
--- PASS: TestTestAdjacencyRule_Check_Adjacent (0.00s)
    --- PASS: TestTestAdjacencyRule_Check_Adjacent/Go_file_with_test_-_no_violation (0.00s)
    --- PASS: TestTestAdjacencyRule_Check_Adjacent/Go_file_without_test_-_violation (0.00s)
    --- PASS: TestTestAdjacencyRule_Check_Adjacent/TypeScript_file_with_test_-_no_violation (0.00s)
    --- PASS: TestTestAdjacencyRule_Check_Adjacent/exempted_file_-_no_violation (0.00s)
    --- PASS: TestTestAdjacencyRule_Check_Adjacent/test_file_itself_-_no_violation (0.00s)
    --- PASS: TestTestAdjacencyRule_Check_Adjacent/multiple_files_in_same_dir_-_some_missing_tests (0.00s)
=== RUN   TestTestAdjacencyRule_getTestFileName
=== RUN   TestTestAdjacencyRule_getTestFileName/main.go
=== RUN   TestTestAdjacencyRule_getTestFileName/utils.ts
=== RUN   TestTestAdjacencyRule_getTestFileName/component.tsx
=== RUN   TestTestAdjacencyRule_getTestFileName/helper.js
=== RUN   TestTestAdjacencyRule_getTestFileName/module.py
=== RUN   TestTestAdjacencyRule_getTestFileName/src/file.go
--- PASS: TestTestAdjacencyRule_getTestFileName (0.00s)
    --- PASS: TestTestAdjacencyRule_getTestFileName/main.go (0.00s)
    --- PASS: TestTestAdjacencyRule_getTestFileName/utils.ts (0.00s)
    --- PASS: TestTestAdjacencyRule_getTestFileName/component.tsx (0.00s)
    --- PASS: TestTestAdjacencyRule_getTestFileName/helper.js (0.00s)
    --- PASS: TestTestAdjacencyRule_getTestFileName/module.py (0.00s)
    --- PASS: TestTestAdjacencyRule_getTestFileName/src/file.go (0.00s)
=== RUN   TestTestAdjacencyRule_isTestFile
=== RUN   TestTestAdjacencyRule_isTestFile/main_test.go
=== RUN   TestTestAdjacencyRule_isTestFile/utils.test.ts
=== RUN   TestTestAdjacencyRule_isTestFile/component.spec.js
=== RUN   TestTestAdjacencyRule_isTestFile/test_module.py
=== RUN   TestTestAdjacencyRule_isTestFile/FileTest.java
=== RUN   TestTestAdjacencyRule_isTestFile/file_spec.rb
=== RUN   TestTestAdjacencyRule_isTestFile/main.go
=== RUN   TestTestAdjacencyRule_isTestFile/utils.ts
=== RUN   TestTestAdjacencyRule_isTestFile/module.py
--- PASS: TestTestAdjacencyRule_isTestFile (0.00s)
    --- PASS: TestTestAdjacencyRule_isTestFile/main_test.go (0.00s)
    --- PASS: TestTestAdjacencyRule_isTestFile/utils.test.ts (0.00s)
    --- PASS: TestTestAdjacencyRule_isTestFile/component.spec.js (0.00s)
    --- PASS: TestTestAdjacencyRule_isTestFile/test_module.py (0.00s)
    --- PASS: TestTestAdjacencyRule_isTestFile/FileTest.java (0.00s)
    --- PASS: TestTestAdjacencyRule_isTestFile/file_spec.rb (0.00s)
    --- PASS: TestTestAdjacencyRule_isTestFile/main.go (0.00s)
    --- PASS: TestTestAdjacencyRule_isTestFile/utils.ts (0.00s)
    --- PASS: TestTestAdjacencyRule_isTestFile/module.py (0.00s)
=== RUN   TestTestAdjacencyRule_Name
--- PASS: TestTestAdjacencyRule_Name (0.00s)
=== RUN   TestDisallowedPatternsRule_WhenChecking
=== RUN   TestDisallowedPatternsRule_WhenChecking/GivenSimplePattern_WhenMatching_ThenFindsViolation
=== RUN   TestDisallowedPatternsRule_WhenChecking/GivenGlobPatternWithDoubleStar_WhenMatching_ThenFindsMultipleViolations
=== RUN   TestDisallowedPatternsRule_WhenChecking/GivenBasenamePattern_WhenMatchingAcrossDirectories_ThenFindsAllMatches
=== RUN   TestDisallowedPatternsRule_WhenChecking/GivenNegationPattern_WhenEvaluating_ThenAllowsExceptions
=== RUN   TestDisallowedPatternsRule_WhenChecking/GivenDirectoryPattern_WhenMatching_ThenFindsViolation
=== RUN   TestDisallowedPatternsRule_WhenChecking/GivenMultiplePatterns_WhenMatching_ThenFindsAllViolations
=== RUN   TestDisallowedPatternsRule_WhenChecking/WhenNoMatches_ThenReturnsNoViolations
--- PASS: TestDisallowedPatternsRule_WhenChecking (0.00s)
    --- PASS: TestDisallowedPatternsRule_WhenChecking/GivenSimplePattern_WhenMatching_ThenFindsViolation (0.00s)
    --- PASS: TestDisallowedPatternsRule_WhenChecking/GivenGlobPatternWithDoubleStar_WhenMatching_ThenFindsMultipleViolations (0.00s)
    --- PASS: TestDisallowedPatternsRule_WhenChecking/GivenBasenamePattern_WhenMatchingAcrossDirectories_ThenFindsAllMatches (0.00s)
    --- PASS: TestDisallowedPatternsRule_WhenChecking/GivenNegationPattern_WhenEvaluating_ThenAllowsExceptions (0.00s)
    --- PASS: TestDisallowedPatternsRule_WhenChecking/GivenDirectoryPattern_WhenMatching_ThenFindsViolation (0.00s)
    --- PASS: TestDisallowedPatternsRule_WhenChecking/GivenMultiplePatterns_WhenMatching_ThenFindsAllViolations (0.00s)
    --- PASS: TestDisallowedPatternsRule_WhenChecking/WhenNoMatches_ThenReturnsNoViolations (0.00s)
=== RUN   TestDisallowedPatternsRule_WhenGettingName
--- PASS: TestDisallowedPatternsRule_WhenGettingName (0.00s)
=== RUN   Test_WhenMatchingGlobPattern
=== RUN   Test_WhenMatchingGlobPattern/WhenExactMatch_ThenReturnsTrue
=== RUN   Test_WhenMatchingGlobPattern/WhenGlobMatches_ThenReturnsTrue
=== RUN   Test_WhenMatchingGlobPattern/WhenGlobDoesNotMatch_ThenReturnsFalse
=== RUN   Test_WhenMatchingGlobPattern/WhenDoubleStarPrefix_ThenMatchesNestedPath
=== RUN   Test_WhenMatchingGlobPattern/WhenDoubleStarMiddle_ThenMatchesPath
=== RUN   Test_WhenMatchingGlobPattern/WhenDoubleStarNoMatch_ThenReturnsFalse
=== RUN   Test_WhenMatchingGlobPattern/WhenFullPathPattern_ThenMatches
=== RUN   Test_WhenMatchingGlobPattern/WhenBasenameOnly_ThenMatchesInAnyDirectory
--- PASS: Test_WhenMatchingGlobPattern (0.00s)
    --- PASS: Test_WhenMatchingGlobPattern/WhenExactMatch_ThenReturnsTrue (0.00s)
    --- PASS: Test_WhenMatchingGlobPattern/WhenGlobMatches_ThenReturnsTrue (0.00s)
    --- PASS: Test_WhenMatchingGlobPattern/WhenGlobDoesNotMatch_ThenReturnsFalse (0.00s)
    --- PASS: Test_WhenMatchingGlobPattern/WhenDoubleStarPrefix_ThenMatchesNestedPath (0.00s)
    --- PASS: Test_WhenMatchingGlobPattern/WhenDoubleStarMiddle_ThenMatchesPath (0.00s)
    --- PASS: Test_WhenMatchingGlobPattern/WhenDoubleStarNoMatch_ThenReturnsFalse (0.00s)
    --- PASS: Test_WhenMatchingGlobPattern/WhenFullPathPattern_ThenMatches (0.00s)
    --- PASS: Test_WhenMatchingGlobPattern/WhenBasenameOnly_ThenMatchesInAnyDirectory (0.00s)
=== RUN   TestFileContentRule_Check
=== RUN   TestFileContentRule_Check/valid_README_-_no_violations
=== RUN   TestFileContentRule_Check/template_not_found
--- PASS: TestFileContentRule_Check (0.00s)
    --- PASS: TestFileContentRule_Check/valid_README_-_no_violations (0.00s)
    --- PASS: TestFileContentRule_Check/template_not_found (0.00s)
=== RUN   TestFileContentRule_loadTemplate
=== RUN   TestFileContentRule_loadTemplate/template_with_sections_and_patterns
=== RUN   TestFileContentRule_loadTemplate/template_with_only_sections
=== RUN   TestFileContentRule_loadTemplate/empty_template
--- PASS: TestFileContentRule_loadTemplate (0.00s)
    --- PASS: TestFileContentRule_loadTemplate/template_with_sections_and_patterns (0.00s)
    --- PASS: TestFileContentRule_loadTemplate/template_with_only_sections (0.00s)
    --- PASS: TestFileContentRule_loadTemplate/empty_template (0.00s)
=== RUN   TestFileContentRule_validateFileContent
=== RUN   TestFileContentRule_validateFileContent/content_satisfies_all_requirements
=== RUN   TestFileContentRule_validateFileContent/missing_required_section
=== RUN   TestFileContentRule_validateFileContent/contains_forbidden_pattern
=== RUN   TestFileContentRule_validateFileContent/missing_required_regex_pattern
--- PASS: TestFileContentRule_validateFileContent (0.00s)
    --- PASS: TestFileContentRule_validateFileContent/content_satisfies_all_requirements (0.00s)
    --- PASS: TestFileContentRule_validateFileContent/missing_required_section (0.00s)
    --- PASS: TestFileContentRule_validateFileContent/contains_forbidden_pattern (0.00s)
    --- PASS: TestFileContentRule_validateFileContent/missing_required_regex_pattern (0.00s)
=== RUN   TestFileContentRule_Name
--- PASS: TestFileContentRule_Name (0.00s)
=== RUN   TestFileExistenceRule_WhenChecking
=== RUN   TestFileExistenceRule_WhenChecking/GivenFileExists_WhenChecking_ThenReturnsSatisfied
=== RUN   TestFileExistenceRule_WhenChecking/GivenFileMissing_WhenChecking_ThenReturnsViolation
=== RUN   TestFileExistenceRule_WhenChecking/GivenORPattern_WhenOneMatches_ThenReturnsSatisfied
=== RUN   TestFileExistenceRule_WhenChecking/GivenRangeRequirement_WhenCountWithinRange_ThenReturnsSatisfied
=== RUN   TestFileExistenceRule_WhenChecking/GivenRangeRequirement_WhenTooManyFiles_ThenReturnsViolation
=== RUN   TestFileExistenceRule_WhenChecking/GivenMultipleDirectories_WhenChecking_ThenEachCheckedIndependently
--- PASS: TestFileExistenceRule_WhenChecking (0.00s)
    --- PASS: TestFileExistenceRule_WhenChecking/GivenFileExists_WhenChecking_ThenReturnsSatisfied (0.00s)
    --- PASS: TestFileExistenceRule_WhenChecking/GivenFileMissing_WhenChecking_ThenReturnsViolation (0.00s)
    --- PASS: TestFileExistenceRule_WhenChecking/GivenORPattern_WhenOneMatches_ThenReturnsSatisfied (0.00s)
    --- PASS: TestFileExistenceRule_WhenChecking/GivenRangeRequirement_WhenCountWithinRange_ThenReturnsSatisfied (0.00s)
    --- PASS: TestFileExistenceRule_WhenChecking/GivenRangeRequirement_WhenTooManyFiles_ThenReturnsViolation (0.00s)
    --- PASS: TestFileExistenceRule_WhenChecking/GivenMultipleDirectories_WhenChecking_ThenEachCheckedIndependently (0.00s)
=== RUN   TestFileExistenceRule_WhenParsingCountSpec
=== RUN   TestFileExistenceRule_WhenParsingCountSpec/1
=== RUN   TestFileExistenceRule_WhenParsingCountSpec/0
=== RUN   TestFileExistenceRule_WhenParsingCountSpec/5
=== RUN   TestFileExistenceRule_WhenParsingCountSpec/1-5
=== RUN   TestFileExistenceRule_WhenParsingCountSpec/0-10
=== RUN   TestFileExistenceRule_WhenParsingCountSpec/2-2
--- PASS: TestFileExistenceRule_WhenParsingCountSpec (0.00s)
    --- PASS: TestFileExistenceRule_WhenParsingCountSpec/1 (0.00s)
    --- PASS: TestFileExistenceRule_WhenParsingCountSpec/0 (0.00s)
    --- PASS: TestFileExistenceRule_WhenParsingCountSpec/5 (0.00s)
    --- PASS: TestFileExistenceRule_WhenParsingCountSpec/1-5 (0.00s)
    --- PASS: TestFileExistenceRule_WhenParsingCountSpec/0-10 (0.00s)
    --- PASS: TestFileExistenceRule_WhenParsingCountSpec/2-2 (0.00s)
=== RUN   TestFileExistenceRule_WhenGettingName
--- PASS: TestFileExistenceRule_WhenGettingName (0.00s)
=== RUN   TestLayerBoundariesRule_ValidDependencies
--- PASS: TestLayerBoundariesRule_ValidDependencies (0.00s)
=== RUN   TestLayerBoundariesRule_InvalidDependency
--- PASS: TestLayerBoundariesRule_InvalidDependency (0.00s)
=== RUN   TestLayerBoundariesRule_WildcardDependency
--- PASS: TestLayerBoundariesRule_WildcardDependency (0.00s)
=== RUN   TestResolveDependencyToFile_ExactMatch
--- PASS: TestResolveDependencyToFile_ExactMatch (0.00s)
=== RUN   TestResolveDependencyToFile_WithExtension
--- PASS: TestResolveDependencyToFile_WithExtension (0.00s)
=== RUN   TestResolveDependencyToFile_IndexFile
--- PASS: TestResolveDependencyToFile_IndexFile (0.00s)
=== RUN   TestResolveDependencyToFile_GoPackage
--- PASS: TestResolveDependencyToFile_GoPackage (0.00s)
=== RUN   TestResolveDependencyToFile_NoMatch
--- PASS: TestResolveDependencyToFile_NoMatch (0.00s)
=== RUN   TestResolveDependencyToFile_PriorityOrder
--- PASS: TestResolveDependencyToFile_PriorityOrder (0.00s)
=== RUN   TestLayerBoundariesRule_Name
--- PASS: TestLayerBoundariesRule_Name (0.00s)
=== RUN   TestTestLocationRule_Check
=== RUN   TestTestLocationRule_Check/test_adjacent_to_source_-_allowed
=== RUN   TestTestLocationRule_Check/test_in_integration_dir_-_allowed
=== RUN   TestTestLocationRule_Check/orphaned_test_-_adjacent_not_allowed
=== RUN   TestTestLocationRule_Check/test_with_source_nearby_-_allowed_when_adjacent_enabled
=== RUN   TestTestLocationRule_Check/exempted_test_-_no_violation
--- PASS: TestTestLocationRule_Check (0.00s)
    --- PASS: TestTestLocationRule_Check/test_adjacent_to_source_-_allowed (0.00s)
    --- PASS: TestTestLocationRule_Check/test_in_integration_dir_-_allowed (0.00s)
    --- PASS: TestTestLocationRule_Check/orphaned_test_-_adjacent_not_allowed (0.00s)
    --- PASS: TestTestLocationRule_Check/test_with_source_nearby_-_allowed_when_adjacent_enabled (0.00s)
    --- PASS: TestTestLocationRule_Check/exempted_test_-_no_violation (0.00s)
=== RUN   TestTestLocationRule_isTestFile
=== RUN   TestTestLocationRule_isTestFile/main_test.go
=== RUN   TestTestLocationRule_isTestFile/utils.test.ts
=== RUN   TestTestLocationRule_isTestFile/component.spec.js
=== RUN   TestTestLocationRule_isTestFile/test_module.py
=== RUN   TestTestLocationRule_isTestFile/FileTest.java
=== RUN   TestTestLocationRule_isTestFile/file_spec.rb
=== RUN   TestTestLocationRule_isTestFile/main.go
=== RUN   TestTestLocationRule_isTestFile/utils.ts
=== RUN   TestTestLocationRule_isTestFile/module.py
--- PASS: TestTestLocationRule_isTestFile (0.00s)
    --- PASS: TestTestLocationRule_isTestFile/main_test.go (0.00s)
    --- PASS: TestTestLocationRule_isTestFile/utils.test.ts (0.00s)
    --- PASS: TestTestLocationRule_isTestFile/component.spec.js (0.00s)
    --- PASS: TestTestLocationRule_isTestFile/test_module.py (0.00s)
    --- PASS: TestTestLocationRule_isTestFile/FileTest.java (0.00s)
    --- PASS: TestTestLocationRule_isTestFile/file_spec.rb (0.00s)
    --- PASS: TestTestLocationRule_isTestFile/main.go (0.00s)
    --- PASS: TestTestLocationRule_isTestFile/utils.ts (0.00s)
    --- PASS: TestTestLocationRule_isTestFile/module.py (0.00s)
=== RUN   TestTestLocationRule_getSourceFileName
=== RUN   TestTestLocationRule_getSourceFileName/main_test.go
=== RUN   TestTestLocationRule_getSourceFileName/utils.test.ts
=== RUN   TestTestLocationRule_getSourceFileName/component.spec.js
=== RUN   TestTestLocationRule_getSourceFileName/test_module.py
--- PASS: TestTestLocationRule_getSourceFileName (0.00s)
    --- PASS: TestTestLocationRule_getSourceFileName/main_test.go (0.00s)
    --- PASS: TestTestLocationRule_getSourceFileName/utils.test.ts (0.00s)
    --- PASS: TestTestLocationRule_getSourceFileName/component.spec.js (0.00s)
    --- PASS: TestTestLocationRule_getSourceFileName/test_module.py (0.00s)
=== RUN   TestTestLocationRule_Name
--- PASS: TestTestLocationRule_Name (0.00s)
=== RUN   TestMaxDepthRule_WhenChecking
=== RUN   TestMaxDepthRule_WhenChecking/GivenDepthWithinLimit_WhenChecking_ThenReturnsNoViolations
=== RUN   TestMaxDepthRule_WhenChecking/GivenDepthExceedsLimit_WhenChecking_ThenReturnsViolation
=== RUN   TestMaxDepthRule_WhenChecking/GivenMultipleExcessiveDepths_WhenChecking_ThenReturnsMultipleViolations
=== RUN   TestMaxDepthRule_WhenChecking/GivenDepthAtLimit_WhenChecking_ThenReturnsNoViolations
=== RUN   TestMaxDepthRule_WhenChecking/WhenFileListEmpty_ThenReturnsNoViolations
--- PASS: TestMaxDepthRule_WhenChecking (0.00s)
    --- PASS: TestMaxDepthRule_WhenChecking/GivenDepthWithinLimit_WhenChecking_ThenReturnsNoViolations (0.00s)
    --- PASS: TestMaxDepthRule_WhenChecking/GivenDepthExceedsLimit_WhenChecking_ThenReturnsViolation (0.00s)
    --- PASS: TestMaxDepthRule_WhenChecking/GivenMultipleExcessiveDepths_WhenChecking_ThenReturnsMultipleViolations (0.00s)
    --- PASS: TestMaxDepthRule_WhenChecking/GivenDepthAtLimit_WhenChecking_ThenReturnsNoViolations (0.00s)
    --- PASS: TestMaxDepthRule_WhenChecking/WhenFileListEmpty_ThenReturnsNoViolations (0.00s)
=== RUN   TestMaxDepthRule_WhenGettingName
--- PASS: TestMaxDepthRule_WhenGettingName (0.00s)
=== RUN   TestMaxFilesRule_WhenChecking
=== RUN   TestMaxFilesRule_WhenChecking/GivenFileCountWithinLimit_WhenChecking_ThenReturnsNoViolations
=== RUN   TestMaxFilesRule_WhenChecking/GivenTestFiles_WhenCounting_ThenExcludedFromCount
=== RUN   TestMaxFilesRule_WhenChecking/GivenExcessiveNonTestFiles_WhenChecking_ThenReturnsViolation
=== RUN   TestMaxFilesRule_WhenChecking/GivenTypeScriptTestFiles_WhenCounting_ThenExcludedFromCount
=== RUN   TestMaxFilesRule_WhenChecking/GivenPythonTestFiles_WhenCounting_ThenExcludedFromCount
=== RUN   TestMaxFilesRule_WhenChecking/WhenDirectoryEmpty_ThenReturnsNoViolations
--- PASS: TestMaxFilesRule_WhenChecking (0.00s)
    --- PASS: TestMaxFilesRule_WhenChecking/GivenFileCountWithinLimit_WhenChecking_ThenReturnsNoViolations (0.00s)
    --- PASS: TestMaxFilesRule_WhenChecking/GivenTestFiles_WhenCounting_ThenExcludedFromCount (0.00s)
    --- PASS: TestMaxFilesRule_WhenChecking/GivenExcessiveNonTestFiles_WhenChecking_ThenReturnsViolation (0.00s)
    --- PASS: TestMaxFilesRule_WhenChecking/GivenTypeScriptTestFiles_WhenCounting_ThenExcludedFromCount (0.00s)
    --- PASS: TestMaxFilesRule_WhenChecking/GivenPythonTestFiles_WhenCounting_ThenExcludedFromCount (0.00s)
    --- PASS: TestMaxFilesRule_WhenChecking/WhenDirectoryEmpty_ThenReturnsNoViolations (0.00s)
=== RUN   TestMaxFilesRule_WhenCheckingIfTestFile
=== RUN   TestMaxFilesRule_WhenCheckingIfTestFile/file_test.go
=== RUN   TestMaxFilesRule_WhenCheckingIfTestFile/file.go
=== RUN   TestMaxFilesRule_WhenCheckingIfTestFile/component.test.ts
=== RUN   TestMaxFilesRule_WhenCheckingIfTestFile/component.test.tsx
=== RUN   TestMaxFilesRule_WhenCheckingIfTestFile/utils.spec.js
=== RUN   TestMaxFilesRule_WhenCheckingIfTestFile/utils.spec.jsx
=== RUN   TestMaxFilesRule_WhenCheckingIfTestFile/component.ts
=== RUN   TestMaxFilesRule_WhenCheckingIfTestFile/test_module.py
=== RUN   TestMaxFilesRule_WhenCheckingIfTestFile/module_test.py
=== RUN   TestMaxFilesRule_WhenCheckingIfTestFile/module.py
=== RUN   TestMaxFilesRule_WhenCheckingIfTestFile/file_spec.rb
=== RUN   TestMaxFilesRule_WhenCheckingIfTestFile/file.rb
=== RUN   TestMaxFilesRule_WhenCheckingIfTestFile/FileTest.java
=== RUN   TestMaxFilesRule_WhenCheckingIfTestFile/FileIT.java
=== RUN   TestMaxFilesRule_WhenCheckingIfTestFile/File.java
--- PASS: TestMaxFilesRule_WhenCheckingIfTestFile (0.00s)
    --- PASS: TestMaxFilesRule_WhenCheckingIfTestFile/file_test.go (0.00s)
    --- PASS: TestMaxFilesRule_WhenCheckingIfTestFile/file.go (0.00s)
    --- PASS: TestMaxFilesRule_WhenCheckingIfTestFile/component.test.ts (0.00s)
    --- PASS: TestMaxFilesRule_WhenCheckingIfTestFile/component.test.tsx (0.00s)
    --- PASS: TestMaxFilesRule_WhenCheckingIfTestFile/utils.spec.js (0.00s)
    --- PASS: TestMaxFilesRule_WhenCheckingIfTestFile/utils.spec.jsx (0.00s)
    --- PASS: TestMaxFilesRule_WhenCheckingIfTestFile/component.ts (0.00s)
    --- PASS: TestMaxFilesRule_WhenCheckingIfTestFile/test_module.py (0.00s)
    --- PASS: TestMaxFilesRule_WhenCheckingIfTestFile/module_test.py (0.00s)
    --- PASS: TestMaxFilesRule_WhenCheckingIfTestFile/module.py (0.00s)
    --- PASS: TestMaxFilesRule_WhenCheckingIfTestFile/file_spec.rb (0.00s)
    --- PASS: TestMaxFilesRule_WhenCheckingIfTestFile/file.rb (0.00s)
    --- PASS: TestMaxFilesRule_WhenCheckingIfTestFile/FileTest.java (0.00s)
    --- PASS: TestMaxFilesRule_WhenCheckingIfTestFile/FileIT.java (0.00s)
    --- PASS: TestMaxFilesRule_WhenCheckingIfTestFile/File.java (0.00s)
=== RUN   TestMaxFilesRule_WhenGettingName
--- PASS: TestMaxFilesRule_WhenGettingName (0.00s)
=== RUN   TestMaxSubdirsRule_WhenChecking
=== RUN   TestMaxSubdirsRule_WhenChecking/GivenSubdirCountWithinLimit_WhenChecking_ThenReturnsNoViolations
=== RUN   TestMaxSubdirsRule_WhenChecking/GivenSubdirCountExceedsLimit_WhenChecking_ThenReturnsMultipleViolations
=== RUN   TestMaxSubdirsRule_WhenChecking/GivenSubdirCountAtLimit_WhenChecking_ThenReturnsNoViolations
=== RUN   TestMaxSubdirsRule_WhenChecking/GivenRootDirectoryExceedsLimit_WhenChecking_ThenReturnsViolation
=== RUN   TestMaxSubdirsRule_WhenChecking/WhenDirsEmpty_ThenReturnsNoViolations
--- PASS: TestMaxSubdirsRule_WhenChecking (0.00s)
    --- PASS: TestMaxSubdirsRule_WhenChecking/GivenSubdirCountWithinLimit_WhenChecking_ThenReturnsNoViolations (0.00s)
    --- PASS: TestMaxSubdirsRule_WhenChecking/GivenSubdirCountExceedsLimit_WhenChecking_ThenReturnsMultipleViolations (0.00s)
    --- PASS: TestMaxSubdirsRule_WhenChecking/GivenSubdirCountAtLimit_WhenChecking_ThenReturnsNoViolations (0.00s)
    --- PASS: TestMaxSubdirsRule_WhenChecking/GivenRootDirectoryExceedsLimit_WhenChecking_ThenReturnsViolation (0.00s)
    --- PASS: TestMaxSubdirsRule_WhenChecking/WhenDirsEmpty_ThenReturnsNoViolations (0.00s)
=== RUN   TestMaxSubdirsRule_WhenGettingName
--- PASS: TestMaxSubdirsRule_WhenGettingName (0.00s)
=== RUN   TestNamingConventionRule_Check
=== RUN   TestNamingConventionRule_Check/camelCase_valid
=== RUN   TestNamingConventionRule_Check/camelCase_invalid_-_starts_with_uppercase
=== RUN   TestNamingConventionRule_Check/PascalCase_valid
=== RUN   TestNamingConventionRule_Check/PascalCase_invalid_-_starts_with_lowercase
=== RUN   TestNamingConventionRule_Check/kebab-case_valid
=== RUN   TestNamingConventionRule_Check/kebab-case_invalid_-_has_uppercase
=== RUN   TestNamingConventionRule_Check/snake_case_valid
=== RUN   TestNamingConventionRule_Check/snake_case_invalid_-_has_uppercase
=== RUN   TestNamingConventionRule_Check/lowercase_valid
=== RUN   TestNamingConventionRule_Check/multiple_patterns
--- PASS: TestNamingConventionRule_Check (0.00s)
    --- PASS: TestNamingConventionRule_Check/camelCase_valid (0.00s)
    --- PASS: TestNamingConventionRule_Check/camelCase_invalid_-_starts_with_uppercase (0.00s)
    --- PASS: TestNamingConventionRule_Check/PascalCase_valid (0.00s)
    --- PASS: TestNamingConventionRule_Check/PascalCase_invalid_-_starts_with_lowercase (0.00s)
    --- PASS: TestNamingConventionRule_Check/kebab-case_valid (0.00s)
    --- PASS: TestNamingConventionRule_Check/kebab-case_invalid_-_has_uppercase (0.00s)
    --- PASS: TestNamingConventionRule_Check/snake_case_valid (0.00s)
    --- PASS: TestNamingConventionRule_Check/snake_case_invalid_-_has_uppercase (0.00s)
    --- PASS: TestNamingConventionRule_Check/lowercase_valid (0.00s)
    --- PASS: TestNamingConventionRule_Check/multiple_patterns (0.00s)
=== RUN   Test_isCamelCase
=== RUN   Test_isCamelCase/myFile
=== RUN   Test_isCamelCase/myLongFileName
=== RUN   Test_isCamelCase/a
=== RUN   Test_isCamelCase/MyFile
=== RUN   Test_isCamelCase/my-file
=== RUN   Test_isCamelCase/my_file
=== RUN   Test_isCamelCase/my_file#01
=== RUN   Test_isCamelCase/#00
--- PASS: Test_isCamelCase (0.00s)
    --- PASS: Test_isCamelCase/myFile (0.00s)
    --- PASS: Test_isCamelCase/myLongFileName (0.00s)
    --- PASS: Test_isCamelCase/a (0.00s)
    --- PASS: Test_isCamelCase/MyFile (0.00s)
    --- PASS: Test_isCamelCase/my-file (0.00s)
    --- PASS: Test_isCamelCase/my_file (0.00s)
    --- PASS: Test_isCamelCase/my_file#01 (0.00s)
    --- PASS: Test_isCamelCase/#00 (0.00s)
=== RUN   Test_isPascalCase
=== RUN   Test_isPascalCase/MyFile
=== RUN   Test_isPascalCase/MyLongFileName
=== RUN   Test_isPascalCase/A
=== RUN   Test_isPascalCase/myFile
=== RUN   Test_isPascalCase/My-File
=== RUN   Test_isPascalCase/My_File
=== RUN   Test_isPascalCase/My_File#01
=== RUN   Test_isPascalCase/#00
--- PASS: Test_isPascalCase (0.00s)
    --- PASS: Test_isPascalCase/MyFile (0.00s)
    --- PASS: Test_isPascalCase/MyLongFileName (0.00s)
    --- PASS: Test_isPascalCase/A (0.00s)
    --- PASS: Test_isPascalCase/myFile (0.00s)
    --- PASS: Test_isPascalCase/My-File (0.00s)
    --- PASS: Test_isPascalCase/My_File (0.00s)
    --- PASS: Test_isPascalCase/My_File#01 (0.00s)
    --- PASS: Test_isPascalCase/#00 (0.00s)
=== RUN   Test_isKebabCase
=== RUN   Test_isKebabCase/my-file
=== RUN   Test_isKebabCase/my-long-file-name
=== RUN   Test_isKebabCase/file
=== RUN   Test_isKebabCase/MyFile
=== RUN   Test_isKebabCase/my_file
=== RUN   Test_isKebabCase/my_file#01
=== RUN   Test_isKebabCase/#00
--- PASS: Test_isKebabCase (0.00s)
    --- PASS: Test_isKebabCase/my-file (0.00s)
    --- PASS: Test_isKebabCase/my-long-file-name (0.00s)
    --- PASS: Test_isKebabCase/file (0.00s)
    --- PASS: Test_isKebabCase/MyFile (0.00s)
    --- PASS: Test_isKebabCase/my_file (0.00s)
    --- PASS: Test_isKebabCase/my_file#01 (0.00s)
    --- PASS: Test_isKebabCase/#00 (0.00s)
=== RUN   Test_isSnakeCase
=== RUN   Test_isSnakeCase/my_file
=== RUN   Test_isSnakeCase/my_long_file_name
=== RUN   Test_isSnakeCase/file
=== RUN   Test_isSnakeCase/MyFile
=== RUN   Test_isSnakeCase/my-file
=== RUN   Test_isSnakeCase/my_file#01
=== RUN   Test_isSnakeCase/#00
--- PASS: Test_isSnakeCase (0.00s)
    --- PASS: Test_isSnakeCase/my_file (0.00s)
    --- PASS: Test_isSnakeCase/my_long_file_name (0.00s)
    --- PASS: Test_isSnakeCase/file (0.00s)
    --- PASS: Test_isSnakeCase/MyFile (0.00s)
    --- PASS: Test_isSnakeCase/my-file (0.00s)
    --- PASS: Test_isSnakeCase/my_file#01 (0.00s)
    --- PASS: Test_isSnakeCase/#00 (0.00s)
=== RUN   TestNamingConventionRule_Name
--- PASS: TestNamingConventionRule_Name (0.00s)
=== RUN   TestOrphanedFilesRule_GivenOrphanedFile_WhenChecking_ThenDetectsOrphan
--- PASS: TestOrphanedFilesRule_GivenOrphanedFile_WhenChecking_ThenDetectsOrphan (0.00s)
=== RUN   TestOrphanedFilesRule_GivenEntrypoints_WhenChecking_ThenRespectsEntrypoints
--- PASS: TestOrphanedFilesRule_GivenEntrypoints_WhenChecking_ThenRespectsEntrypoints (0.00s)
=== RUN   TestOrphanedFilesRule_GivenConfigFiles_WhenChecking_ThenExcludesConfigFiles
--- PASS: TestOrphanedFilesRule_GivenConfigFiles_WhenChecking_ThenExcludesConfigFiles (0.00s)
=== RUN   TestOrphanedFilesRule_GivenTestFiles_WhenChecking_ThenExcludesTestFiles
--- PASS: TestOrphanedFilesRule_GivenTestFiles_WhenChecking_ThenExcludesTestFiles (0.00s)
=== RUN   TestRegexMatchRule_BasicMatch
--- PASS: TestRegexMatchRule_BasicMatch (0.00s)
=== RUN   TestRegexMatchRule_Negation
--- PASS: TestRegexMatchRule_Negation (0.00s)
=== RUN   TestRegexMatchRule_DirectorySubstitution
--- PASS: TestRegexMatchRule_DirectorySubstitution (0.00s)
=== RUN   TestRegexMatchRule_InvalidRegex
--- PASS: TestRegexMatchRule_InvalidRegex (0.00s)
=== RUN   TestRegexMatchRule_RegexPrefix
--- PASS: TestRegexMatchRule_RegexPrefix (0.00s)
=== RUN   TestRegexMatchRule_IgnoresDirectories
--- PASS: TestRegexMatchRule_IgnoresDirectories (0.00s)
=== RUN   TestRegexMatchRule_FileExtensionHandling
--- PASS: TestRegexMatchRule_FileExtensionHandling (0.00s)
=== RUN   TestRegexMatchRule_NoViolations
--- PASS: TestRegexMatchRule_NoViolations (0.00s)
=== RUN   TestRegexMatchRule_Name
--- PASS: TestRegexMatchRule_Name (0.00s)
=== RUN   TestRegexMatchRule_EmptyWildcardArray
--- PASS: TestRegexMatchRule_EmptyWildcardArray (0.00s)
=== RUN   TestRegexMatchRule_SingleWildcardBoundary
--- PASS: TestRegexMatchRule_SingleWildcardBoundary (0.00s)
=== RUN   TestRegexMatchRule_DoubleWildcardBoundary
--- PASS: TestRegexMatchRule_DoubleWildcardBoundary (0.00s)
=== RUN   TestRegexMatchRule_IndexOutOfBounds
--- PASS: TestRegexMatchRule_IndexOutOfBounds (0.00s)
=== RUN   TestRegexMatchRule_WildcardIndexBoundary
--- PASS: TestRegexMatchRule_WildcardIndexBoundary (0.00s)
=== RUN   TestRegexMatchRule_MultipleWildcardsEdgeCase
--- PASS: TestRegexMatchRule_MultipleWildcardsEdgeCase (0.00s)
=== RUN   TestRegexMatchRule_NoSubstitutionNeeded
--- PASS: TestRegexMatchRule_NoSubstitutionNeeded (0.00s)
=== RUN   TestUnusedExportsRule_DetectsUnusedExports
--- PASS: TestUnusedExportsRule_DetectsUnusedExports (0.00s)
=== RUN   TestUnusedExportsRule_NoViolationWhenImported
--- PASS: TestUnusedExportsRule_NoViolationWhenImported (0.00s)
=== RUN   TestUnusedExportsRule_NoViolationWithoutExports
--- PASS: TestUnusedExportsRule_NoViolationWithoutExports (0.00s)
=== RUN   TestUnusedExportsRule_EmptyExportNames
--- PASS: TestUnusedExportsRule_EmptyExportNames (0.00s)
=== RUN   TestUnusedExportsRule_FormatNames_EmptyArray
--- PASS: TestUnusedExportsRule_FormatNames_EmptyArray (0.00s)
=== RUN   TestUnusedExportsRule_FormatNames_SingleName
--- PASS: TestUnusedExportsRule_FormatNames_SingleName (0.00s)
=== RUN   TestUnusedExportsRule_FormatNames_TwoNames
--- PASS: TestUnusedExportsRule_FormatNames_TwoNames (0.00s)
=== RUN   TestUnusedExportsRule_FormatNames_ThreeNames
--- PASS: TestUnusedExportsRule_FormatNames_ThreeNames (0.00s)
=== RUN   TestUnusedExportsRule_FormatNames_FourNames
--- PASS: TestUnusedExportsRule_FormatNames_FourNames (0.00s)
=== RUN   TestUnusedExportsRule_FormatNames_ManyNames
--- PASS: TestUnusedExportsRule_FormatNames_ManyNames (0.00s)
PASS
coverage: 68.6% of statements
ok  	github.com/structurelint/structurelint/internal/rules	1.043s	coverage: 68.6% of statements
=== RUN   TestWalker
--- PASS: TestWalker (0.00s)
=== RUN   TestWalker_Depth
--- PASS: TestWalker_Depth (0.00s)
=== RUN   TestWalker_DirInfo
--- PASS: TestWalker_DirInfo (0.00s)
=== RUN   TestMatchesPattern
--- PASS: TestMatchesPattern (0.00s)
PASS
coverage: 81.7% of statements
ok  	github.com/structurelint/structurelint/internal/walker	1.014s	coverage: 81.7% of statements
